[Bootstrap]
SetupTitle=Install
SetupText=Copying Files, please stand by.
CabFile=FC-Edi1.CAB
Spawn=Setup1.exe
Uninstal=st6unst.exe
TmpDir=msftqws.pdw
Cabs=3

[Bootstrap Files]
File1=@VB6STKIT.DLL,$(WinSysPathSysFile),,,7/14/00 11:00:00 PM,101888,6.0.84.50
File2=@COMCAT.DLL,$(WinSysPathSysFile),$(DLLSelfRegister),,5/30/98 11:00:00 PM,22288,4.71.1460.1
File3=@STDOLE2.TLB,$(WinSysPathSysFile),$(TLBRegister),,6/2/99 11:00:00 PM,17920,2.40.4275.1
File4=@ASYCFILT.DLL,$(WinSysPathSysFile),,,3/7/99 11:00:00 PM,147728,2.40.4275.1
File5=@OLEPRO32.DLL,$(WinSysPathSysFile),$(DLLSelfRegister),,3/7/99 11:00:00 PM,164112,5.0.4275.1
File6=@OLEAUT32.DLL,$(WinSysPathSysFile),$(DLLSelfRegister),,4/11/00 11:00:00 PM,598288,2.40.4275.1
File7=@msvbvm60.dll,$(WinSysPathSysFile),$(DLLSelfRegister),,2/22/04 11:00:00 PM,1386496,6.0.97.82

[IconGroups]
Group0=FC-Datalogit
PrivateGroup0=0
Parent0=$(Programs)

[FC-Datalogit]
Icon1="FC-Edit.exe"
Title1=FC Edit Universal
StartIn1=$(AppPath)

[Setup]
Title=FC Edit Universal
DefaultDir=$(ProgramFiles)\FC Edit Universal
AppExe=FC-Edit.exe
AppToUninstall=FC-Edit.exe

[Setup1 Files]
File1=@Sample Basic.dwf,$(AppPath)\Watchs,,,9/9/03 10:10:38 PM,4044,0.0.0.0
File2=@Sample Advanced.dwf,$(AppPath)\Watchs,,,9/9/03 10:11:22 PM,4020,0.0.0.0
File3=@Log Basic & MapRef.txt,$(AppPath)\Logs,,,8/28/03 9:24:44 AM,26355,0.0.0.0
File4=@Log Advanced & MapRef.txt,$(AppPath)\Logs,,,8/28/03 9:24:56 AM,311770,0.0.0.0
File5=@Sample Basic.dcf,$(AppPath)\Charts,,,9/4/03 12:23:20 PM,2516,0.0.0.0
File6=@Sample Advanced.dcf,$(AppPath)\Charts,,,9/1/03 11:55:06 AM,2504,0.0.0.0
File7=@sample SR20DET1 v5.03.dat,$(AppPath)\Maps,,,5/28/06 9:56:58 PM,3778,0.0.0.0
File8=@sample RB26DETT v8.04a.dat,$(AppPath)\Maps,,,5/28/06 9:56:30 PM,3774,0.0.0.0
File9=@sample RB25DET  v5.11 .dat,$(AppPath)\Maps,,,5/28/06 9:56:20 PM,3778,0.0.0.0
File10=@sample RB20DET  v2.32B.dat,$(AppPath)\Maps,,,5/28/06 9:56:11 PM,3778,0.0.0.0
File11=@sample EJ20K   v7.20 .dat,$(AppPath)\Maps,,,5/28/06 9:55:43 PM,3778,0.0.0.0
File12=@sample CA18DET  v3.13 .dat,$(AppPath)\Maps,,,5/28/06 9:56:04 PM,3778,0.0.0.0
File13=@sample B18C v4.10.Dat,$(AppPath)\Maps,,,5/28/06 9:55:58 PM,6608,0.0.0.0
File14=@sample B16B v3.11.Dat,$(AppPath)\Maps,,,5/28/06 9:55:51 PM,6724,0.0.0.0
File15=@sample 13B-REW v5.08.dat,$(AppPath)\Maps,,,5/28/06 9:55:33 PM,5680,0.0.0.0
File16=@sample 4G63 v5.28.dat,$(AppPath)\Maps,,,5/28/06 9:55:18 PM,4030,0.0.0.0
File17=@sample 4E-FTE2  v1.31 .dat,$(AppPath)\Maps,,,5/28/06 9:55:07 PM,4740,0.0.0.0
File18=@sample 3S-GTE3 v3.20 .dat,$(AppPath)\Maps,,,5/28/06 9:55:00 PM,4740,0.0.0.0
File19=@sample 3S-GE v4.09A.dat,$(AppPath)\Maps,,,5/28/06 9:54:41 PM,7132,0.0.0.0
File20=@sample 2ZZ-GE v2.71A.dat,$(AppPath)\Maps,,,5/28/06 9:54:27 PM,6308,0.0.0.0
File21=@sample 2JZ-GTE1 v4.10 .dat,$(AppPath)\Maps,,,5/28/06 9:54:15 PM,4740,0.0.0.0
File22=@sample 1ZZ-FET v4.12 .dat,$(AppPath)\Maps,,,5/28/06 9:54:07 PM,7118,0.0.0.0
File23=@sample 1JZ-GTE v4.03 .dat,$(AppPath)\Maps,,,5/28/06 9:53:40 PM,4660,0.0.0.0
File24=@MSCOMCT2.OCX,$(WinSysPath),$(DLLSelfRegister),$(Shared),5/21/00 11:00:00 PM,647872,6.0.88.4
File25=@MSCOMCTL.OCX,$(WinSysPath),$(DLLSelfRegister),$(Shared),4/15/05 6:58:16 PM,1071088,6.1.97.86
File26=@Strip.ocx,$(WinSysPath),$(DLLSelfRegister),$(Shared),2/1/99 6:19:16 PM,302088,3.2.2.0
File27=@COMDLG32.OCX,$(WinSysPath),$(DLLSelfRegister),$(Shared),3/8/04 11:00:00 PM,152848,6.1.97.82
File28=@MSCHRT20.OCX,$(WinSysPath),$(DLLSelfRegister),$(Shared),5/21/00 11:00:00 PM,1009336,6.0.88.4
File29=@TABCTL32.OCX,$(WinSysPath),$(DLLSelfRegister),$(Shared),3/8/04 11:00:00 PM,224016,6.1.97.82
File30=@MSCOMM32.OCX,$(WinSysPath),$(DLLSelfRegister),$(Shared),6/23/98 11:00:00 PM,103744,6.0.81.69
File31=@MSFLXGRD.OCX,$(WinSysPath),$(DLLSelfRegister),$(Shared),5/21/00 11:00:00 PM,244416,6.0.84.18
File32=@FC-Edit.exe,$(AppPath),,,5/28/06 10:51:01 PM,1601536,2.1.0.0

; The following lines may be deleted in order to obtain extra 
; space for customizing this file on a full installation diskette.
; 
; XXXXXXXXXXXXXXXXXXXXXXXXXXXXXXXXXXXXXXXXXXXXXXXXXXXXXXXXXXXX
; XXXXXXXXXXXXXXXXXXXXXXXXXXXXXXXXXXXXXXXXXXXXXXXXXXXXXXXXXXXX
; XXXXXXXXXXXXXXXXXXXXXXXXXXXXXXXXXXXXXXXXXXXXXXXXXXXXXXXXXXXX
; XXXXXXXXXXXXXXXXXXXXXXXXXXXXXXXXXXXXXXXXXXXXXXXXXXXXXXXXXXXX
; XXXXXXXXXXXXXXXXXXXXXXXXXXXXXXXXXXXXXXXXXXXXXXXXXXXXXXXXXXXX
; XXXXXXXXXXXXXXXXXXXXXXXXXXXXXXXXXXXXXXXXXXXXXXXXXXXXXXXXXXXX
; XXXXXXXXXXXXXXXXXXXXXXXXXXXXXXXXXXXXXXXXXXXXXXXXXXXXXXXXXXXX
; XXXXXXXXXXXXXXXXXXXXXXXXXXXXXXXXXXXXXXXXXXXXXXXXXXXXXXXXXXXX
; XXXXXXXXXXXXXXXXXXXXXXXXXXXXXXXXXXXXXXXXXXXXXXXXXXXXXXXXXXXX
; XXXXXXXXXXXXXXXXXXXXXXXXXXXXXXXXXXXXXXXXXXXXXXXXXXXXXXXXXXXX
; XXXXXXXXXXXXXXXXXXXXXXXXXXXXXXXXXXXXXXXXXXXXXXXXXXXXXXXXXXXX
; XXXXXXXXXXXXXXXXXXXXXXXXXXXXXXXXXXXXXXXXXXXXXXXXXXXXXXXXXXXX
; XXXXXXXXXXXXXXXXXXXXXXXXXXXXXXXXXXXXXXXXXXXXXXXXXXXXXXXXXXXX
; XXXXXXXXXXXXXXXXXXXXXXXXXXXXXXXXXXXXXXXXXXXXXXXXXXXXXXXXXXXX
; XXXXXXXXXXXXXXXXXXXXXXXXXXXXXXXXXXXXXXXXXXXXXXXXXXXXXXXXXXXX
; XXXXXXXXXXXXXXXXXXXXXXXXXXXXXXXXXXXXXXXXXXXXXXXXXXXXXXXXXXXX
; XXXXXXXXXXXXXXXXXXXXXXXXXXXXXXXXXXXXXXXXXXXXXXXXXXXXXXXXXXXX
; XXXXXXXXXXXXXXXXXXXXXXXXXXXXXXXXXXXXXXXXXXXXXXXXXXXXXXXXXXXX
; XXXXXXXXXXXXXXXXXXXXXXXXXXXXXXXXXXXXXXXXXXXXXXXXXXXXXXXXXXXX
; XXXXXXXXXXXXXXXXXXXXXXXXXXXXXXXXXXXXXXXXXXXXXXXXXXXXXXXXXXXX
; XXXXXXXXXXXXXXXXXXXXXXXXXXXXXXXXXXXXXXXXXXXXXXXXXXXXXXXXXXXX
; XXXXXXXXXXXXXXXXXXXXXXXXXXXXXXXXXXXXXXXXXXXXXXXXXXXXXXXXXXXX
; XXXXXXXXXXXXXXXXXXXXXXXXXXXXXXXXXXXXXXXXXXXXXXXXXXXXXXXXXXXX
; XXXXXXXXXXXXXXXXXXXXXXXXXXXXXXXXXXXXXXXXXXXXXXXXXXXXXXXXXXXX
; XXXXXXXXXXXXXXXXXXXXXXXXXXXXXXXXXXXXXXXXXXXXXXXXXXXXXXXXXXXX
; XXXXXXXXXXXXXXXXXXXXXXXXXXXXXXXXXXXXXXXXXXXXXXXXXXXXXXXXXXXX
; XXXXXXXXXXXXXXXXXXXXXXXXXXXXXXXXXXXXXXXXXXXXXXXXXXXXXXXXXXXX
; XXXXXXXXXXXXXXXXXXXXXXXXXXXXXXXXXXXXXXXXXXXXXXXXXXXXXXXXXXXX
; XXXXXXXXXXXXXXXXXXXXXXXXXXXXXXXXXXXXXXXXXXXXXXXXXXXXXXXXXXXX
; XXXXXXXXXXXXXXXXXXXXXXXXXXXXXXXXXXXXXXXXXXXXXXXXXXXXXXXXXXXX
; XXXXXXXXXXXXXXXXXXXXXXXXXXXXXXXXXXXXXXXXXXXXXXXXXXXXXXXXXXXX
; XXXXXXXXXXXXXXXXXXXXXXXXXXXXXXXXXXXXXXXXXXXXXXXXXXXXXXXXXXXX
; XXXXXXXXXXXXXXXXXXXXXXXXXXXXXXXXXXXXXXXXXXXXXXXXXXXXXXXXXXXX
; XXXXXXXXXXXXXXXXXXXXXXXXXXXXXXXXXXXXXXXXXXXXXXXXXXXXXXXXXXXX
; XXXXXXXXXXXXXXXXXXXXXXXXXXXXXXXXXXXXXXXXXXXXXXXXXXXXXXXXXXXX
